\BOOKMARK [1][-]{section.1}{\376\377\000I\000n\000t\000r\000o\000d\000u\000c\000t\000i\000o\000n}{}% 1
\BOOKMARK [1][-]{section.2}{\376\377\000D\000i\000f\000f\000u\000s\000i\000o\000n\000\040\000M\000o\000d\000e\000l\000s}{}% 2
\BOOKMARK [1][-]{section.3}{\376\377\000C\000o\000n\000s\000i\000s\000t\000e\000n\000c\000y\000\040\000M\000o\000d\000e\000l\000s}{}% 3
\BOOKMARK [1][-]{section.4}{\376\377\000T\000r\000a\000i\000n\000i\000n\000g\000\040\000C\000o\000n\000s\000i\000s\000t\000e\000n\000c\000y\000\040\000M\000o\000d\000e\000l\000s\000\040\000v\000i\000a\000\040\000D\000i\000s\000t\000i\000l\000l\000a\000t\000i\000o\000n}{}% 4
\BOOKMARK [1][-]{section.5}{\376\377\000T\000r\000a\000i\000n\000i\000n\000g\000\040\000C\000o\000n\000s\000i\000s\000t\000e\000n\000c\000y\000\040\000M\000o\000d\000e\000l\000s\000\040\000i\000n\000\040\000I\000s\000o\000l\000a\000t\000i\000o\000n}{}% 5
\BOOKMARK [1][-]{section.6}{\376\377\000E\000x\000p\000e\000r\000i\000m\000e\000n\000t\000s}{}% 6
\BOOKMARK [2][-]{subsection.6.1}{\376\377\000T\000r\000a\000i\000n\000i\000n\000g\000\040\000C\000o\000n\000s\000i\000s\000t\000e\000n\000c\000y\000\040\000M\000o\000d\000e\000l\000s}{section.6}% 7
\BOOKMARK [2][-]{subsection.6.2}{\376\377\000F\000e\000w\000-\000S\000t\000e\000p\000\040\000I\000m\000a\000g\000e\000\040\000G\000e\000n\000e\000r\000a\000t\000i\000o\000n}{section.6}% 8
\BOOKMARK [2][-]{subsection.6.3}{\376\377\000Z\000e\000r\000o\000-\000S\000h\000o\000t\000\040\000I\000m\000a\000g\000e\000\040\000E\000d\000i\000t\000i\000n\000g}{section.6}% 9
\BOOKMARK [1][-]{section.7}{\376\377\000C\000o\000n\000c\000l\000u\000s\000i\000o\000n}{}% 10
\BOOKMARK [1][-]{section*.11}{\376\377\000A\000p\000p\000e\000n\000d\000i\000c\000e\000s}{}% 11
\BOOKMARK [1][-]{appendix.a.A}{\376\377\000A\000p\000p\000e\000n\000d\000i\000x\000\040\000P\000r\000o\000o\000f\000s}{}% 12
\BOOKMARK [2][-]{subsection.a.A.1}{\376\377\000N\000o\000t\000a\000t\000i\000o\000n\000s}{appendix.a.A}% 13
\BOOKMARK [2][-]{subsection.a.A.2}{\376\377\000C\000o\000n\000s\000i\000s\000t\000e\000n\000c\000y\000\040\000D\000i\000s\000t\000i\000l\000l\000a\000t\000i\000o\000n}{appendix.a.A}% 14
\BOOKMARK [2][-]{subsection.a.A.3}{\376\377\000C\000o\000n\000s\000i\000s\000t\000e\000n\000c\000y\000\040\000T\000r\000a\000i\000n\000i\000n\000g}{appendix.a.A}% 15
\BOOKMARK [1][-]{appendix.a.B}{\376\377\000A\000p\000p\000e\000n\000d\000i\000x\000\040\000C\000o\000n\000t\000i\000n\000u\000o\000u\000s\000-\000T\000i\000m\000e\000\040\000E\000x\000t\000e\000n\000s\000i\000o\000n\000s}{}% 16
\BOOKMARK [2][-]{subsection.a.B.1}{\376\377\000C\000o\000n\000s\000i\000s\000t\000e\000n\000c\000y\000\040\000D\000i\000s\000t\000i\000l\000l\000a\000t\000i\000o\000n\000\040\000i\000n\000\040\000C\000o\000n\000t\000i\000n\000u\000o\000u\000s\000\040\000T\000i\000m\000e}{appendix.a.B}% 17
\BOOKMARK [2][-]{subsection.a.B.2}{\376\377\000C\000o\000n\000s\000i\000s\000t\000e\000n\000c\000y\000\040\000T\000r\000a\000i\000n\000i\000n\000g\000\040\000i\000n\000\040\000C\000o\000n\000t\000i\000n\000u\000o\000u\000s\000\040\000T\000i\000m\000e}{appendix.a.B}% 18
\BOOKMARK [2][-]{subsection.a.B.3}{\376\377\000E\000x\000p\000e\000r\000i\000m\000e\000n\000t\000a\000l\000\040\000V\000e\000r\000i\000f\000i\000c\000a\000t\000i\000o\000n\000s}{appendix.a.B}% 19
\BOOKMARK [1][-]{appendix.a.C}{\376\377\000A\000p\000p\000e\000n\000d\000i\000x\000\040\000A\000d\000d\000i\000t\000i\000o\000n\000a\000l\000\040\000E\000x\000p\000e\000r\000i\000m\000e\000n\000t\000a\000l\000\040\000D\000e\000t\000a\000i\000l\000s}{}% 20
\BOOKMARK [2][-]{table.caption.13}{\376\377\000M\000o\000d\000e\000l\000\040\000A\000r\000c\000h\000i\000t\000e\000c\000t\000u\000r\000e\000s}{appendix.a.C}% 21
\BOOKMARK [3][-]{section*.14}{\376\377\000P\000a\000r\000a\000m\000e\000t\000e\000r\000i\000z\000a\000t\000i\000o\000n\000\040\000f\000o\000r\000\040\000C\000o\000n\000s\000i\000s\000t\000e\000n\000c\000y\000\040\000M\000o\000d\000e\000l\000s}{table.caption.13}% 22
\BOOKMARK [4][-]{section*.14}{\376\377\000S\000c\000h\000e\000d\000u\000l\000e\000\040\000F\000u\000n\000c\000t\000i\000o\000n\000s\000\040\000f\000o\000r\000\040\000C\000o\000n\000s\000i\000s\000t\000e\000n\000c\000y\000\040\000T\000r\000a\000i\000n\000i\000n\000g}{table.caption.13}% 23
\BOOKMARK [4][-]{section*.14}{\376\377\000T\000r\000a\000i\000n\000i\000n\000g\000\040\000D\000e\000t\000a\000i\000l\000s}{table.caption.13}% 24
\BOOKMARK [1][-]{appendix.a.D}{\376\377\000A\000p\000p\000e\000n\000d\000i\000x\000\040\000A\000d\000d\000i\000t\000i\000o\000n\000a\000l\000\040\000R\000e\000s\000u\000l\000t\000s\000\040\000o\000n\000\040\000Z\000e\000r\000o\000-\000S\000h\000o\000t\000\040\000I\000m\000a\000g\000e\000\040\000E\000d\000i\000t\000i\000n\000g}{}% 25
\BOOKMARK [2][-]{algorithm.4}{\376\377\000I\000n\000p\000a\000i\000n\000t\000i\000n\000g}{appendix.a.D}% 26
\BOOKMARK [3][-]{section*.15}{\376\377\000C\000o\000l\000o\000r\000i\000z\000a\000t\000i\000o\000n}{algorithm.4}% 27
\BOOKMARK [4][-]{section*.15}{\376\377\000S\000u\000p\000e\000r\000-\000r\000e\000s\000o\000l\000u\000t\000i\000o\000n}{algorithm.4}% 28
\BOOKMARK [4][-]{section*.15}{\376\377\000S\000t\000r\000o\000k\000e\000-\000g\000u\000i\000d\000e\000d\000\040\000i\000m\000a\000g\000e\000\040\000g\000e\000n\000e\000r\000a\000t\000i\000o\000n}{algorithm.4}% 29
\BOOKMARK [4][-]{section*.15}{\376\377\000D\000e\000n\000o\000i\000s\000i\000n\000g}{algorithm.4}% 30
\BOOKMARK [4][-]{section*.15}{\376\377\000I\000n\000t\000e\000r\000p\000o\000l\000a\000t\000i\000o\000n}{algorithm.4}% 31
\BOOKMARK [1][-]{appendix.a.E}{\376\377\000A\000p\000p\000e\000n\000d\000i\000x\000\040\000A\000d\000d\000i\000t\000i\000o\000n\000a\000l\000\040\000S\000a\000m\000p\000l\000e\000s\000\040\000f\000r\000o\000m\000\040\000C\000o\000n\000s\000i\000s\000t\000e\000n\000c\000y\000\040\000M\000o\000d\000e\000l\000s}{}% 32
